Initiating test...
Gemini client created.
Calling generateContent...
Success! Test successful! How can I help you today?
